mysql> source Module4_setup.sql
Query OK, 0 rows affected, 1 warning (0.00 sec)

Query OK, 1 row affected (0.01 sec)

Database changed
Query OK, 0 rows affected, 1 warning (0.00 sec)

Query OK, 0 rows affected, 1 warning (0.01 sec)

Query OK, 0 rows affected, 1 warning (0.00 sec)

Query OK, 0 rows affected (0.02 sec)

Query OK, 0 rows affected (0.04 sec)

Query OK, 0 rows affected (0.03 sec)

Query OK, 3 rows affected (0.01 sec)
Records: 3  Duplicates: 0  Warnings: 0

Query OK, 6 rows affected (0.01 sec)
Records: 6  Duplicates: 0  Warnings: 0

Query OK, 2 rows affected (0.01 sec)
Records: 2  Duplicates: 0  Warnings: 0

mysql> USE retro_replay
Database changed
mysql> SHOW TABLES;
+------------------------+
| Tables_in_retro_replay |
+------------------------+
| Console                |
| Game                   |
| TradeIn                |
+------------------------+
3 rows in set (0.00 sec)

mysql> Insert into Game (Title, Genre, Price, ConsoleID) VALUES ('Mega Man X', 'Platformer', 35.00, 1);
Query OK, 1 row affected (0.00 sec)

mysql> select * from Game;
+--------+--------------------+------------+-------+-----------+
| GameID | Title              | Genre      | Price | ConsoleID |
+--------+--------------------+------------+-------+-----------+
|      1 | Chrono Trigger     | RPG        | 45.00 |         1 |
|      2 | Super Metroid      | Platformer | 40.00 |         1 |
|      3 | Duck Hunt          | Shooter    | 12.00 |         1 |
|      4 | Street Fighter II  | Fighting   | 30.00 |         1 |
|      5 | Sonic the Hedgehog | Platformer | 20.00 |         2 |
|      6 | Final Fantasy VII  | RPG        | 50.00 |         3 |
|      7 | Mega Man X         | Platformer | 35.00 |         1 |
+--------+--------------------+------------+-------+-----------+
7 rows in set (0.00 sec)

mysql> update Game
    -> SET Price = Price - 5
    -> where title = 'Chrono Trigger';
Query OK, 1 row affected (0.01 sec)
Rows matched: 1  Changed: 1  Warnings: 0

mysql> select * from Game where Title = 'Chrono Trigger';
+--------+----------------+-------+-------+-----------+
| GameID | Title          | Genre | Price | ConsoleID |
+--------+----------------+-------+-------+-----------+
|      1 | Chrono Trigger | RPG   | 40.00 |         1 |
+--------+----------------+-------+-------+-----------+
1 row in set (0.00 sec)

mysql> select * from Game where Title = 'Duck Hunt';
+--------+-----------+---------+-------+-----------+
| GameID | Title     | Genre   | Price | ConsoleID |
+--------+-----------+---------+-------+-----------+
|      3 | Duck Hunt | Shooter | 12.00 |         1 |
+--------+-----------+---------+-------+-----------+
1 row in set (0.00 sec)

mysql> select * from Trade-In where GameID = 3;
ERROR 1064 (42000): You have an error in your SQL syntax; check the manual that corresponds to your MySQL server version for the right syntax to use near '-In where GameID = 3' at line 1
mysql> select * from TradeIn where GameID = 3;
Empty set (0.00 sec)

mysql> delete from Game where Title = 'Duck Hunt';
Query OK, 1 row affected (0.00 sec)

mysql> select * from Game;
+--------+--------------------+------------+-------+-----------+
| GameID | Title              | Genre      | Price | ConsoleID |
+--------+--------------------+------------+-------+-----------+
|      1 | Chrono Trigger     | RPG        | 40.00 |         1 |
|      2 | Super Metroid      | Platformer | 40.00 |         1 |
|      4 | Street Fighter II  | Fighting   | 30.00 |         1 |
|      5 | Sonic the Hedgehog | Platformer | 20.00 |         2 |
|      6 | Final Fantasy VII  | RPG        | 50.00 |         3 |
|      7 | Mega Man X         | Platformer | 35.00 |         1 |
+--------+--------------------+------------+-------+-----------+
6 rows in set (0.00 sec)

mysql> Insert into Console (ConsoleName, Manufacturer, ReleaseYear) Values
    -> (Nintendo 64, Nintendo, 1996)
    -> ('Nintendo 64', 'Nintendo','1996')
    -> ('Sega Dreamcast', 'Sega','1999');
ERROR 1064 (42000): You have an error in your SQL syntax; check the manual that corresponds to your MySQL server version for the right syntax to use near '64, Nintendo, 1996)
('Nintendo 64', 'Nintendo','1996')
('Sega Dreamcast', 'Sega'' at line 2
mysql> Insert into Console (ConsoleName, Manufacturer, ReleaseYear) Values
    -> ('Nintendo 64', 'Nintendo','1996'),
    -> ('Sega Dreamcast', 'Sega','1999');
Query OK, 2 rows affected (0.00 sec)
Records: 2  Duplicates: 0  Warnings: 0

mysql> select * from Console;
+-----------+----------------+--------------+-------------+
| ConsoleID | ConsoleName    | Manufacturer | ReleaseYear |
+-----------+----------------+--------------+-------------+
|         1 | Super Nintendo | Nintendo     |        1991 |
|         2 | Sega Genesis   | Sega         |        1989 |
|         3 | PlayStation    | Sony         |        1994 |
|         4 | Nintendo 64    | Nintendo     |        1996 |
|         5 | Sega Dreamcast | Sega         |        1999 |
+-----------+----------------+--------------+-------------+
5 rows in set (0.00 sec)

mysql> update TradeIn
    -> set CreditAmount = CreditAmount + 2
    -> where CustomerName = 'Maya Chen';
Query OK, 1 row affected (0.00 sec)
Rows matched: 1  Changed: 1  Warnings: 0

mysql> select * from TradeIn where CustomerName = 'Maya Chen';
+-----------+--------+--------------+-------------+--------------+
| TradeInID | GameID | CustomerName | TradeInDate | CreditAmount |
+-----------+--------+--------------+-------------+--------------+
|         1 |      1 | Maya Chen    | 2026-08-01  |        17.00 |
+-----------+--------+--------------+-------------+--------------+
1 row in set (0.00 sec)

mysql> notee;
