mysql> source Module5_setup.sql
Query OK, 0 rows affected, 1 warning (0.00 sec)

Query OK, 1 row affected (0.01 sec)

Database changed
Query OK, 0 rows affected, 1 warning (0.01 sec)

Query OK, 0 rows affected, 1 warning (0.00 sec)

Query OK, 0 rows affected, 1 warning (0.00 sec)

Query OK, 0 rows affected, 1 warning (0.00 sec)

Query OK, 0 rows affected (0.03 sec)

Query OK, 3 rows affected (0.01 sec)
Records: 3  Duplicates: 0  Warnings: 0

Query OK, 0 rows affected (0.03 sec)

Query OK, 5 rows affected (0.00 sec)
Records: 5  Duplicates: 0  Warnings: 0

Query OK, 0 rows affected (0.03 sec)

Query OK, 3 rows affected (0.01 sec)
Records: 3  Duplicates: 0  Warnings: 0

Query OK, 0 rows affected (0.03 sec)

Query OK, 5 rows affected (0.00 sec)
Records: 5  Duplicates: 0  Warnings: 0

mysql> selet * from RequestsFlat;
ERROR 1064 (42000): You have an error in your SQL syntax; check the manual that corresponds to your MySQL server version for the right syntax to use near 'selet * from RequestsFlat' at line 1
mysql> select * from RequestsFlat;
+-----------+--------------+---------------+--------------+---------------+------------+-------------+
| RequestID | ListenerName | ListenerPhone | Song1Title   | Song1Artist   | Song2Title | Song2Artist |
+-----------+--------------+---------------+--------------+---------------+------------+-------------+
|         1 | Priya Shah   | 555-0201      | Landslide    | Fleetwood Mac | Africa     | Toto        |
|         2 | Sam Okafor   | 555-0202      | Superstition | Stevie Wonder | NULL       | NULL        |
|         3 | Priya Shah   | 555-0201      | Sweet Dreams | Eurythmics    | Take On Me | a-ha        |
+-----------+--------------+---------------+--------------+---------------+------------+-------------+
3 rows in set (0.00 sec)

mysql> Select * from Requests1NF;
+-----------+--------------+---------------+--------------+---------------+
| RequestID | ListenerName | ListenerPhone | SongTitle    | SongArtist    |
+-----------+--------------+---------------+--------------+---------------+
|         1 | Priya Shah   | 555-0201      | Landslide    | Fleetwood Mac |
|         1 | Priya Shah   | 555-0201      | Africa       | Toto          |
|         2 | Sam Okafor   | 555-0202      | Superstition | Stevie Wonder |
|         3 | Priya Shah   | 555-0201      | Sweet Dreams | Eurythmics    |
|         3 | Priya Shah   | 555-0201      | Take On Me   | a-ha          |
+-----------+--------------+---------------+--------------+---------------+
5 rows in set (0.00 sec)

mysql> select * from Requests2NF;
+-----------+--------------+---------------+
| RequestID | ListenerName | ListenerPhone |
+-----------+--------------+---------------+
|         1 | Priya Shah   | 555-0201      |
|         2 | Sam Okafor   | 555-0202      |
|         3 | Priya Shah   | 555-0201      |
+-----------+--------------+---------------+
3 rows in set (0.00 sec)

mysql> select * from RequestsSongs2NF;
ERROR 1146 (42S02): Table 'wkrc.RequestsSongs2NF' doesn't exist
mysql> select * from RequestsSongs2NF;
ERROR 1146 (42S02): Table 'wkrc.RequestsSongs2NF' doesn't exist
mysql> SELECT * FROM RequestSongs2NF;
+---------------+-----------+--------------+---------------+
| RequestSongID | RequestID | SongTitle    | SongArtist    |
+---------------+-----------+--------------+---------------+
|             1 |         1 | Landslide    | Fleetwood Mac |
|             2 |         1 | Africa       | Toto          |
|             3 |         2 | Superstition | Stevie Wonder |
|             4 |         3 | Sweet Dreams | Eurythmics    |
|             5 |         3 | Take On Me   | a-ha          |
+---------------+-----------+--------------+---------------+
5 rows in set (0.00 sec)

mysql> create table Listeners3NF
    -> (ListenerID INT AUTO_INCREMEN PRIMARY KEY, 
    -> ListnerName VARCHAR(100),
    -> ListnerPhone VARCHAR(20));
ERROR 1064 (42000): You have an error in your SQL syntax; check the manual that corresponds to your MySQL server version for the right syntax to use near 'AUTO_INCREMEN PRIMARY KEY, 
ListnerName VARCHAR(100),
ListnerPhone VARCHAR(20))' at line 2
mysql> CREATE TABLE Listeners3NF
    -> (ListenerID INT AUTO_INCREMENT PRIMARY KEY,
    -> ListenerNAme VARCHAR(100),
    -> ListenerPhone VARCHAR(20));
Query OK, 0 rows affected (0.02 sec)

