mysql> source Module7_setup.sql
Query OK, 0 rows affected, 1 warning (0.01 sec)

Query OK, 1 row affected (0.00 sec)

Database changed
Query OK, 0 rows affected, 1 warning (0.00 sec)

Query OK, 0 rows affected, 1 warning (0.00 sec)

Query OK, 0 rows affected (0.03 sec)

Query OK, 0 rows affected (0.02 sec)

Query OK, 3 rows affected (0.01 sec)
Records: 3  Duplicates: 0  Warnings: 0

Query OK, 4 rows affected (0.01 sec)
Records: 4  Duplicates: 0  Warnings: 0

mysql> use Foghorn;
ERROR 1049 (42000): Unknown database 'Foghorn'
mysql> use foghorn;
Database changed
mysql> show tables
    -> ;
+-------------------+
| Tables_in_foghorn |
+-------------------+
| Customer          |
| SupportTicket     |
+-------------------+
2 rows in set (0.00 sec)

mysql> create user 'ticket_viewer'@'localhost' identified by 'Itec1465database';
Query OK, 0 rows affected (0.03 sec)

mysql> show grants for 'ticket_viewer'@'localhost';
+---------------------------------------------------+
| Grants for ticket_viewer@localhost                |
+---------------------------------------------------+
| GRANT USAGE ON *.* TO `ticket_viewer`@`localhost` |
+---------------------------------------------------+
1 row in set (0.00 sec)

mysql> grant select on foghorn.* to 'ticket_viewer'@'localhost';
Query OK, 0 rows affected (0.00 sec)

mysql> show grants for 'ticket_viewer'@'localhost';
+------------------------------------------------------------+
| Grants for ticket_viewer@localhost                         |
+------------------------------------------------------------+
| GRANT USAGE ON *.* TO `ticket_viewer`@`localhost`          |
| GRANT SELECT ON `foghorn`.* TO `ticket_viewer`@`localhost` |
+------------------------------------------------------------+
2 rows in set (0.00 sec)

mysql> revoke select on foghorn.* from 'ticket_viewer'@'localhost';
Query OK, 0 rows affected (0.01 sec)

mysql> show grants for 'ticket_viewer'@'localhost';
+---------------------------------------------------+
| Grants for ticket_viewer@localhost                |
+---------------------------------------------------+
| GRANT USAGE ON *.* TO `ticket_viewer`@`localhost` |
+---------------------------------------------------+
1 row in set (0.00 sec)

mysql> create user 'support_agent'@'localhost' identified by 'Itec1465database';
Query OK, 0 rows affected (0.01 sec)

mysql> grant select, insert, update on foghorn.* to 'support_agent'@'localhost';
Query OK, 0 rows affected (0.00 sec)

mysql> show grants;
+----------------------------------------------------------------------------------------------------------------------------------------------------------------------------------------------------------------------------------------------------------------------------------------------------------------------------------------------------------------------------------------------------------------------------------------------------------------------------------------------------------------------------------------------------------------------------------------------------------------------------------------------------------------------------------------------------------------------------------------------------------------------------------------------+
| Grants for root@localhost                                                                                                                                                                                                                                                                                                                                                                                                                                                                                                                                                                                                                                                                                                                                                                    |
+----------------------------------------------------------------------------------------------------------------------------------------------------------------------------------------------------------------------------------------------------------------------------------------------------------------------------------------------------------------------------------------------------------------------------------------------------------------------------------------------------------------------------------------------------------------------------------------------------------------------------------------------------------------------------------------------------------------------------------------------------------------------------------------------+
| GRANT SELECT, INSERT, UPDATE, DELETE, CREATE, DROP, RELOAD, SHUTDOWN, PROCESS, FILE, REFERENCES, INDEX, ALTER, SHOW DATABASES, SUPER, CREATE TEMPORARY TABLES, LOCK TABLES, EXECUTE, REPLICATION SLAVE, REPLICATION CLIENT, CREATE VIEW, SHOW VIEW, CREATE ROUTINE, ALTER ROUTINE, CREATE USER, EVENT, TRIGGER, CREATE TABLESPACE, CREATE ROLE, DROP ROLE ON *.* TO `root`@`localhost` WITH GRANT OPTION                                                                                                                                                                                                                                                                                                                                                                                     |
| GRANT APPLICATION_PASSWORD_ADMIN,AUDIT_ABORT_EXEMPT,AUDIT_ADMIN,AUTHENTICATION_POLICY_ADMIN,BACKUP_ADMIN,BINLOG_ADMIN,BINLOG_ENCRYPTION_ADMIN,CLONE_ADMIN,CONNECTION_ADMIN,ENCRYPTION_KEY_ADMIN,FIREWALL_EXEMPT,FLUSH_OPTIMIZER_COSTS,FLUSH_STATUS,FLUSH_TABLES,FLUSH_USER_RESOURCES,GROUP_REPLICATION_ADMIN,GROUP_REPLICATION_STREAM,INNODB_REDO_LOG_ARCHIVE,INNODB_REDO_LOG_ENABLE,PASSWORDLESS_USER_ADMIN,PERSIST_RO_VARIABLES_ADMIN,REPLICATION_APPLIER,REPLICATION_SLAVE_ADMIN,RESOURCE_GROUP_ADMIN,RESOURCE_GROUP_USER,ROLE_ADMIN,SENSITIVE_VARIABLES_OBSERVER,SERVICE_CONNECTION_ADMIN,SESSION_VARIABLES_ADMIN,SET_USER_ID,SHOW_ROUTINE,SYSTEM_USER,SYSTEM_VARIABLES_ADMIN,TABLE_ENCRYPTION_ADMIN,TELEMETRY_LOG_ADMIN,XA_RECOVER_ADMIN ON *.* TO `root`@`localhost` WITH GRANT OPTION |
| GRANT PROXY ON ``@`` TO `root`@`localhost` WITH GRANT OPTION                                                                                                                                                                                                                                                                                                                                                                                                                                                                                                                                                                                                                                                                                                                                 |
+----------------------------------------------------------------------------------------------------------------------------------------------------------------------------------------------------------------------------------------------------------------------------------------------------------------------------------------------------------------------------------------------------------------------------------------------------------------------------------------------------------------------------------------------------------------------------------------------------------------------------------------------------------------------------------------------------------------------------------------------------------------------------------------------+
3 rows in set (0.00 sec)

mysql> grant select on  foghorn.* to 'support_agent'@'localhost';
Query OK, 0 rows affected (0.01 sec)

mysql> grant insert foghorn.* to 'support_agent'@'localhost';
ERROR 1064 (42000): You have an error in your SQL syntax; check the manual that corresponds to your MySQL server version for the right syntax to use near 'foghorn.* to 'support_agent'@'localhost'' at line 1
mysql> grant insert on foghorn.* to 'support_agent'@'localhost';
Query OK, 0 rows affected (0.00 sec)

mysql> grant update on foghorn.* to 'support_agent'@'localhost';
Query OK, 0 rows affected (0.01 sec)

mysql> show grants;
+----------------------------------------------------------------------------------------------------------------------------------------------------------------------------------------------------------------------------------------------------------------------------------------------------------------------------------------------------------------------------------------------------------------------------------------------------------------------------------------------------------------------------------------------------------------------------------------------------------------------------------------------------------------------------------------------------------------------------------------------------------------------------------------------+
| Grants for root@localhost                                                                                                                                                                                                                                                                                                                                                                                                                                                                                                                                                                                                                                                                                                                                                                    |
+----------------------------------------------------------------------------------------------------------------------------------------------------------------------------------------------------------------------------------------------------------------------------------------------------------------------------------------------------------------------------------------------------------------------------------------------------------------------------------------------------------------------------------------------------------------------------------------------------------------------------------------------------------------------------------------------------------------------------------------------------------------------------------------------+
| GRANT SELECT, INSERT, UPDATE, DELETE, CREATE, DROP, RELOAD, SHUTDOWN, PROCESS, FILE, REFERENCES, INDEX, ALTER, SHOW DATABASES, SUPER, CREATE TEMPORARY TABLES, LOCK TABLES, EXECUTE, REPLICATION SLAVE, REPLICATION CLIENT, CREATE VIEW, SHOW VIEW, CREATE ROUTINE, ALTER ROUTINE, CREATE USER, EVENT, TRIGGER, CREATE TABLESPACE, CREATE ROLE, DROP ROLE ON *.* TO `root`@`localhost` WITH GRANT OPTION                                                                                                                                                                                                                                                                                                                                                                                     |
| GRANT APPLICATION_PASSWORD_ADMIN,AUDIT_ABORT_EXEMPT,AUDIT_ADMIN,AUTHENTICATION_POLICY_ADMIN,BACKUP_ADMIN,BINLOG_ADMIN,BINLOG_ENCRYPTION_ADMIN,CLONE_ADMIN,CONNECTION_ADMIN,ENCRYPTION_KEY_ADMIN,FIREWALL_EXEMPT,FLUSH_OPTIMIZER_COSTS,FLUSH_STATUS,FLUSH_TABLES,FLUSH_USER_RESOURCES,GROUP_REPLICATION_ADMIN,GROUP_REPLICATION_STREAM,INNODB_REDO_LOG_ARCHIVE,INNODB_REDO_LOG_ENABLE,PASSWORDLESS_USER_ADMIN,PERSIST_RO_VARIABLES_ADMIN,REPLICATION_APPLIER,REPLICATION_SLAVE_ADMIN,RESOURCE_GROUP_ADMIN,RESOURCE_GROUP_USER,ROLE_ADMIN,SENSITIVE_VARIABLES_OBSERVER,SERVICE_CONNECTION_ADMIN,SESSION_VARIABLES_ADMIN,SET_USER_ID,SHOW_ROUTINE,SYSTEM_USER,SYSTEM_VARIABLES_ADMIN,TABLE_ENCRYPTION_ADMIN,TELEMETRY_LOG_ADMIN,XA_RECOVER_ADMIN ON *.* TO `root`@`localhost` WITH GRANT OPTION |
| GRANT PROXY ON ``@`` TO `root`@`localhost` WITH GRANT OPTION                                                                                                                                                                                                                                                                                                                                                                                                                                                                                                                                                                                                                                                                                                                                 |
+----------------------------------------------------------------------------------------------------------------------------------------------------------------------------------------------------------------------------------------------------------------------------------------------------------------------------------------------------------------------------------------------------------------------------------------------------------------------------------------------------------------------------------------------------------------------------------------------------------------------------------------------------------------------------------------------------------------------------------------------------------------------------------------------+
3 rows in set (0.00 sec)

mysql> drop user 'ticket_viewer'@'localhost';
Query OK, 0 rows affected (0.01 sec)

mysql> show grants;
+----------------------------------------------------------------------------------------------------------------------------------------------------------------------------------------------------------------------------------------------------------------------------------------------------------------------------------------------------------------------------------------------------------------------------------------------------------------------------------------------------------------------------------------------------------------------------------------------------------------------------------------------------------------------------------------------------------------------------------------------------------------------------------------------+
| Grants for root@localhost                                                                                                                                                                                                                                                                                                                                                                                                                                                                                                                                                                                                                                                                                                                                                                    |
+----------------------------------------------------------------------------------------------------------------------------------------------------------------------------------------------------------------------------------------------------------------------------------------------------------------------------------------------------------------------------------------------------------------------------------------------------------------------------------------------------------------------------------------------------------------------------------------------------------------------------------------------------------------------------------------------------------------------------------------------------------------------------------------------+
| GRANT SELECT, INSERT, UPDATE, DELETE, CREATE, DROP, RELOAD, SHUTDOWN, PROCESS, FILE, REFERENCES, INDEX, ALTER, SHOW DATABASES, SUPER, CREATE TEMPORARY TABLES, LOCK TABLES, EXECUTE, REPLICATION SLAVE, REPLICATION CLIENT, CREATE VIEW, SHOW VIEW, CREATE ROUTINE, ALTER ROUTINE, CREATE USER, EVENT, TRIGGER, CREATE TABLESPACE, CREATE ROLE, DROP ROLE ON *.* TO `root`@`localhost` WITH GRANT OPTION                                                                                                                                                                                                                                                                                                                                                                                     |
| GRANT APPLICATION_PASSWORD_ADMIN,AUDIT_ABORT_EXEMPT,AUDIT_ADMIN,AUTHENTICATION_POLICY_ADMIN,BACKUP_ADMIN,BINLOG_ADMIN,BINLOG_ENCRYPTION_ADMIN,CLONE_ADMIN,CONNECTION_ADMIN,ENCRYPTION_KEY_ADMIN,FIREWALL_EXEMPT,FLUSH_OPTIMIZER_COSTS,FLUSH_STATUS,FLUSH_TABLES,FLUSH_USER_RESOURCES,GROUP_REPLICATION_ADMIN,GROUP_REPLICATION_STREAM,INNODB_REDO_LOG_ARCHIVE,INNODB_REDO_LOG_ENABLE,PASSWORDLESS_USER_ADMIN,PERSIST_RO_VARIABLES_ADMIN,REPLICATION_APPLIER,REPLICATION_SLAVE_ADMIN,RESOURCE_GROUP_ADMIN,RESOURCE_GROUP_USER,ROLE_ADMIN,SENSITIVE_VARIABLES_OBSERVER,SERVICE_CONNECTION_ADMIN,SESSION_VARIABLES_ADMIN,SET_USER_ID,SHOW_ROUTINE,SYSTEM_USER,SYSTEM_VARIABLES_ADMIN,TABLE_ENCRYPTION_ADMIN,TELEMETRY_LOG_ADMIN,XA_RECOVER_ADMIN ON *.* TO `root`@`localhost` WITH GRANT OPTION |
| GRANT PROXY ON ``@`` TO `root`@`localhost` WITH GRANT OPTION                                                                                                                                                                                                                                                                                                                                                                                                                                                                                                                                                                                                                                                                                                                                 |
+----------------------------------------------------------------------------------------------------------------------------------------------------------------------------------------------------------------------------------------------------------------------------------------------------------------------------------------------------------------------------------------------------------------------------------------------------------------------------------------------------------------------------------------------------------------------------------------------------------------------------------------------------------------------------------------------------------------------------------------------------------------------------------------------+
3 rows in set (0.00 sec)

mysql> select User, Host, account_locked from mysql.user;
+------------------+-----------+----------------+
| User             | Host      | account_locked |
+------------------+-----------+----------------+
| debian-sys-maint | localhost | N              |
| mysql.infoschema | localhost | Y              |
| mysql.session    | localhost | Y              |
| mysql.sys        | localhost | Y              |
| root             | localhost | N              |
| support_agent    | localhost | N              |
+------------------+-----------+----------------+
6 rows in set (0.00 sec)

mysql> create user 'night_shift'@'localhost' identified by 'Itec1465database';
Query OK, 0 rows affected (0.01 sec)

mysql> alter user 'night_shift'@'localhost' identified by 'Itech1465databasenew';
Query OK, 0 rows affected (0.02 sec)

mysql> alter user 'night_shift'@'localhost' account lock;
Query OK, 0 rows affected (0.00 sec)

mysql> select User, Host, Account_locked from mysql.user where User = 'night_shift';
+-------------+-----------+----------------+
| User        | Host      | Account_locked |
+-------------+-----------+----------------+
| night_shift | localhost | Y              |
+-------------+-----------+----------------+
1 row in set (0.00 sec)

mysql> alter user 'night_shift'@'localhost' account unlock;
Query OK, 0 rows affected (0.02 sec)

mysql> select User, Host, account_locked from mysql.user
    -> where User = 'night_shift';
+-------------+-----------+----------------+
| User        | Host      | account_locked |
+-------------+-----------+----------------+
| night_shift | localhost | N              |
+-------------+-----------+----------------+
1 row in set (0.00 sec)

mysql> drop user 'night_shift'@'localhost';
Query OK, 0 rows affected (0.01 sec)

mysql> show grants for 'night_shift'@'localhost';
ERROR 1141 (42000): There is no such grant defined for user 'night_shift' on host 'localhost'
mysql> notee
